{"phase": "control", "pair": "leonardo|raphael", "games": 100}
{"phase": "control", "pair": "leonardo|donatello", "games": 200}
{"phase": "control", "pair": "leonardo|michelangelo", "games": 300}
{"phase": "control", "pair": "leonardo|splinter", "games": 400}
{"phase": "control", "pair": "leonardo|shredder", "games": 500}
{"phase": "control", "pair": "leonardo|krang", "games": 600}
{"phase": "control", "pair": "leonardo|bebop_rocksteady", "games": 700}
{"phase": "control", "pair": "leonardo|april_oneil", "games": 800}
{"phase": "control", "pair": "leonardo|casey_jones", "games": 900}
{"phase": "control", "pair": "raphael|donatello", "games": 1000}
{"phase": "control", "pair": "raphael|michelangelo", "games": 1100}
{"phase": "control", "pair": "raphael|splinter", "games": 1200}
{"phase": "control", "pair": "raphael|shredder", "games": 1300}
{"phase": "control", "pair": "raphael|krang", "games": 1400}
{"phase": "control", "pair": "raphael|bebop_rocksteady", "games": 1500}
{"phase": "control", "pair": "raphael|april_oneil", "games": 1600}
{"phase": "control", "pair": "raphael|casey_jones", "games": 1700}
{"phase": "control", "pair": "donatello|michelangelo", "games": 1800}
{"phase": "control", "pair": "donatello|splinter", "games": 1900}
{"phase": "control", "pair": "donatello|shredder", "games": 2000}
{"phase": "control", "pair": "donatello|krang", "games": 2100}
{"phase": "control", "pair": "donatello|bebop_rocksteady", "games": 2200}
{"phase": "control", "pair": "donatello|april_oneil", "games": 2300}
{"phase": "control", "pair": "donatello|casey_jones", "games": 2400}
{"phase": "control", "pair": "michelangelo|splinter", "games": 2500}
{"phase": "control", "pair": "michelangelo|shredder", "games": 2600}
{"phase": "control", "pair": "michelangelo|krang", "games": 2700}
{"phase": "control", "pair": "michelangelo|bebop_rocksteady", "games": 2800}
{"phase": "control", "pair": "michelangelo|april_oneil", "games": 2900}
{"phase": "control", "pair": "michelangelo|casey_jones", "games": 3000}
{"phase": "control", "pair": "splinter|shredder", "games": 3100}
{"phase": "control", "pair": "splinter|krang", "games": 3200}
{"phase": "control", "pair": "splinter|bebop_rocksteady", "games": 3300}
{"phase": "control", "pair": "splinter|april_oneil", "games": 3400}
{"phase": "control", "pair": "splinter|casey_jones", "games": 3500}
{"phase": "control", "pair": "shredder|krang", "games": 3600}
{"phase": "control", "pair": "shredder|bebop_rocksteady", "games": 3700}
{"phase": "control", "pair": "shredder|april_oneil", "games": 3800}
{"phase": "control", "pair": "shredder|casey_jones", "games": 3900}
{"phase": "control", "pair": "krang|bebop_rocksteady", "games": 4000}
{"phase": "control", "pair": "krang|april_oneil", "games": 4100}
{"phase": "control", "pair": "krang|casey_jones", "games": 4200}
{"phase": "control", "pair": "bebop_rocksteady|april_oneil", "games": 4300}
{"phase": "control", "pair": "bebop_rocksteady|casey_jones", "games": 4400}
{"phase": "control", "pair": "april_oneil|casey_jones", "games": 4500}
{"status": "COMPLETE", "evidence": "BASELINE_003_AURA_RUNTIME_CONTROL.json.gz", "games": 4500, "replay_cells": 6}
