........................................................................ [  4%]
..............................................................s......... [  8%]
........................................................................ [ 13%]
........................................................................ [ 17%]
........................................................................ [ 22%]
........................................................................ [ 26%]
........................................................................ [ 31%]
........................................................................ [ 35%]
........................................................................ [ 40%]
........................................................................ [ 44%]
........................................................................ [ 49%]
........................................................................ [ 53%]
........................................................................ [ 58%]
........................................................................ [ 62%]
........................................................................ [ 67%]
....................................................................s... [ 71%]
........................................................................ [ 76%]
........................................................................ [ 80%]
........................................................................ [ 85%]
........................................................................ [ 89%]
........................................................................ [ 94%]
........................................................................ [ 98%]
......................                                                   [100%]
1604 passed, 2 skipped in 70.81s (0:01:10)
